Testing Gemini via AXIOS (mimicking engine.ts)...
URL: https://generativelanguage.googleapis.com/v1/models/gemini-1.5-flash:generateContent?key=HIDDEN_KEY
node : Γ¥î AXIOS 
FAIL: timeout of 
10000ms exceeded
At line:1 char:1
+ node 
test-gemini-axios.mjs 
> test_output.txt 2>&1
+ ~~~~~~~~~~~~~~~~~~~~
~~~~~~~~~~~~~~~~~~~~~~
~~~~~~~
    + CategoryInfo    
          : NotSpeci  
  fied: (Γ¥î AXIOS    
 FAIL:...0000ms ex    
ceeded:String) []    
, RemoteException
    + FullyQualifiedE 
   rrorId : NativeCo  
  mmandError
 
No response received. 
Request failed.
